The system is: Linux - 7.0.0-30-generic - x86_64
Compiling the C compiler identification source file "CMakeCCompilerId.c" succeeded.
Compiler: /home/agent/.local/usr/bin/gcc 
Build flags: 
Id flags:  

The output was:
0


Compilation of the C compiler identification source "CMakeCCompilerId.c" produced "a.out"

The C compiler identification is GNU, found in "/session/w683b/cm/CMakeFiles/3.25.1/CompilerIdC/a.out"

Compiling the CXX compiler identification source file "CMakeCXXCompilerId.cpp" succeeded.
Compiler: /home/agent/.local/usr/bin/g++ 
Build flags: 
Id flags:  

The output was:
0


Compilation of the CXX compiler identification source "CMakeCXXCompilerId.cpp" produced "a.out"

The CXX compiler identification is GNU, found in "/session/w683b/cm/CMakeFiles/3.25.1/CompilerIdCXX/a.out"

Detecting C compiler ABI info compiled with the following output:
Change Dir: /session/w683b/cm/CMakeFiles/CMakeScratch/TryCompile-wGgk63

Run Build Command(s):/home/agent/.local/usr/bin/gmake -f Makefile cmTC_20eb3/fast && /home/agent/.local/usr/bin/gmake  -f CMakeFiles/cmTC_20eb3.dir/build.make CMakeFiles/cmTC_20eb3.dir/build
gmake[1]: Entering directory '/session/w683b/cm/CMakeFiles/CMakeScratch/TryCompile-wGgk63'
Building C object CMakeFiles/cmTC_20eb3.dir/CMakeCCompilerABI.c.o
/home/agent/.local/usr/bin/gcc   -v -o CMakeFiles/cmTC_20eb3.dir/CMakeCCompilerABI.c.o -c /home/agent/.local/usr/share/cmake-3.25/Modules/CMakeCCompilerABI.c
Using built-in specs.
COLLECT_GCC=/home/agent/.local/usr/bin/gcc
OFFLOAD_TARGET_NAMES=nvptx-none:amdgcn-amdhsa
OFFLOAD_TARGET_DEFAULT=1
Target: x86_64-linux-gnu
Configured with: ../src/configure -v --with-pkgversion='Debian 12.2.0-14+deb12u1' --with-bugurl=file:///usr/share/doc/gcc-12/README.Bugs --enable-languages=c,ada,c++,go,d,fortran,objc,obj-c++,m2 --prefix=/usr --with-gcc-major-version-only --program-suffix=-12 --program-prefix=x86_64-linux-gnu- --enable-shared --enable-linker-build-id --libexecdir=/usr/lib --without-included-gettext --enable-threads=posix --libdir=/usr/lib --enable-nls --enable-clocale=gnu --enable-libstdcxx-debug --enable-libstdcxx-time=yes --with-default-libstdcxx-abi=new --enable-gnu-unique-object --disable-vtable-verify --enable-plugin --enable-default-pie --with-system-zlib --enable-libphobos-checking=release --with-target-system-zlib=auto --enable-objc-gc=auto --enable-multiarch --disable-werror --enable-cet --with-arch-32=i686 --with-abi=m64 --with-multilib-list=m32,m64,mx32 --enable-multilib --with-tune=generic --enable-offload-targets=nvptx-none=/build/reproducible-path/gcc-12-12.2.0/debian/tmp-nvptx/usr,amdgcn-amdhsa=/build/reproducible-path/gcc-12-12.2.0/debian/tmp-gcn/usr --enable-offload-defaulted --without-cuda-driver --enable-checking=release --build=x86_64-linux-gnu --host=x86_64-linux-gnu --target=x86_64-linux-gnu
Thread model: posix
Supported LTO compression algorithms: zlib zstd
gcc version 12.2.0 (Debian 12.2.0-14+deb12u1) 
COLLECT_GCC_OPTIONS='-v' '-o' 'CMakeFiles/cmTC_20eb3.dir/CMakeCCompilerABI.c.o' '-c' '-mtune=generic' '-march=x86-64' '-dumpdir' 'CMakeFiles/cmTC_20eb3.dir/'
 /home/agent/.local/usr/lib/gcc/x86_64-linux-gnu/12/cc1 -quiet -v -imultiarch x86_64-linux-gnu -iprefix /home/agent/.local/usr/lib/gcc/x86_64-linux-gnu/12/ /home/agent/.local/usr/share/cmake-3.25/Modules/CMakeCCompilerABI.c -quiet -dumpdir CMakeFiles/cmTC_20eb3.dir/ -dumpbase CMakeCCompilerABI.c.c -dumpbase-ext .c -mtune=generic -march=x86-64 -version -fasynchronous-unwind-tables -o /tmp/cc3WLPpU.s
GNU C17 (Debian 12.2.0-14+deb12u1) version 12.2.0 (x86_64-linux-gnu)
	compiled by GNU C version 12.2.0, GMP version 6.2.1, MPFR version 4.2.0, MPC version 1.3.1, isl version isl-0.25-GMP

GGC heuristics: --param ggc-min-expand=100 --param ggc-min-heapsize=131072
ignoring nonexistent directory "/home/agent/.local/usr/lib/gcc/x86_64-linux-gnu/12/include-fixed"
ignoring nonexistent directory "/home/agent/.local/usr/lib/gcc/x86_64-linux-gnu/12/../../../../x86_64-linux-gnu/include"
ignoring duplicate directory "/home/agent/.local/usr/lib/gcc/x86_64-linux-gnu/12/include"
ignoring nonexistent directory "/usr/local/include/x86_64-linux-gnu"
ignoring nonexistent directory "/home/agent/.local/usr/lib/gcc/../../lib/gcc/x86_64-linux-gnu/12/include-fixed"
ignoring nonexistent directory "/home/agent/.local/usr/lib/gcc/../../lib/gcc/x86_64-linux-gnu/12/../../../../x86_64-linux-gnu/include"
ignoring nonexistent directory "/usr/include/x86_64-linux-gnu"
#include "..." search starts here:
#include <...> search starts here:
 /home/agent/.local/usr/include
 /home/agent/.local/usr/include/x86_64-linux-gnu
 /home/agent/.local/usr/lib/gcc/x86_64-linux-gnu/12/include
 /usr/local/include
 /usr/include
End of search list.
GNU C17 (Debian 12.2.0-14+deb12u1) version 12.2.0 (x86_64-linux-gnu)
	compiled by GNU C version 12.2.0, GMP version 6.2.1, MPFR version 4.2.0, MPC version 1.3.1, isl version isl-0.25-GMP

GGC heuristics: --param ggc-min-expand=100 --param ggc-min-heapsize=131072
Compiler executable checksum: df5cb71f7b1353aac39c2b59ae45fa4a
COLLECT_GCC_OPTIONS='-v' '-o' 'CMakeFiles/cmTC_20eb3.dir/CMakeCCompilerABI.c.o' '-c' '-mtune=generic' '-march=x86-64' '-dumpdir' 'CMakeFiles/cmTC_20eb3.dir/'
 as -v --64 -o CMakeFiles/cmTC_20eb3.dir/CMakeCCompilerABI.c.o /tmp/cc3WLPpU.s
GNU assembler version 2.40 (x86_64-linux-gnu) using BFD version (GNU Binutils for Debian) 2.40
COMPILER_PATH=/home/agent/.local/usr/lib/gcc/x86_64-linux-gnu/12/:/home/agent/.local/usr/lib/gcc/x86_64-linux-gnu/:/home/agent/.local/usr/lib/gcc/
LIBRARY_PATH=/home/agent/.local/usr/lib/gcc/x86_64-linux-gnu/12/:/home/agent/.local/usr/lib/gcc/x86_64-linux-gnu/:/home/agent/.local/usr/lib/gcc/:/home/agent/.local/usr/lib/x86_64-linux-gnu/:/home/agent/.local/usr/lib/../lib/:/home/agent/.local/usr/lib/gcc/x86_64-linux-gnu/12/../../../x86_64-linux-gnu/:/home/agent/.local/usr/lib/gcc/x86_64-linux-gnu/12/../../../../lib/:/lib/x86_64-linux-gnu/:/lib/../lib/:/usr/lib/x86_64-linux-gnu/:/usr/lib/../lib/:/home/agent/.local/usr/lib/x86_64-linux-gnu/:/home/agent/.local/usr/lib/:/home/agent/.local/usr/lib/gcc/x86_64-linux-gnu/12/../../../:/lib/:/usr/lib/
COLLECT_GCC_OPTIONS='-v' '-o' 'CMakeFiles/cmTC_20eb3.dir/CMakeCCompilerABI.c.o' '-c' '-mtune=generic' '-march=x86-64' '-dumpdir' 'CMakeFiles/cmTC_20eb3.dir/CMakeCCompilerABI.c.'
Linking C executable cmTC_20eb3
/home/agent/.local/usr/bin/cmake -E cmake_link_script CMakeFiles/cmTC_20eb3.dir/link.txt --verbose=1
/home/agent/.local/usr/bin/gcc  -v CMakeFiles/cmTC_20eb3.dir/CMakeCCompilerABI.c.o -o cmTC_20eb3 
Using built-in specs.
COLLECT_GCC=/home/agent/.local/usr/bin/gcc
COLLECT_LTO_WRAPPER=/home/agent/.local/usr/lib/gcc/x86_64-linux-gnu/12/lto-wrapper
OFFLOAD_TARGET_NAMES=nvptx-none:amdgcn-amdhsa
OFFLOAD_TARGET_DEFAULT=1
Target: x86_64-linux-gnu
Configured with: ../src/configure -v --with-pkgversion='Debian 12.2.0-14+deb12u1' --with-bugurl=file:///usr/share/doc/gcc-12/README.Bugs --enable-languages=c,ada,c++,go,d,fortran,objc,obj-c++,m2 --prefix=/usr --with-gcc-major-version-only --program-suffix=-12 --program-prefix=x86_64-linux-gnu- --enable-shared --enable-linker-build-id --libexecdir=/usr/lib --without-included-gettext --enable-threads=posix --libdir=/usr/lib --enable-nls --enable-clocale=gnu --enable-libstdcxx-debug --enable-libstdcxx-time=yes --with-default-libstdcxx-abi=new --enable-gnu-unique-object --disable-vtable-verify --enable-plugin --enable-default-pie --with-system-zlib --enable-libphobos-checking=release --with-target-system-zlib=auto --enable-objc-gc=auto --enable-multiarch --disable-werror --enable-cet --with-arch-32=i686 --with-abi=m64 --with-multilib-list=m32,m64,mx32 --enable-multilib --with-tune=generic --enable-offload-targets=nvptx-none=/build/reproducible-path/gcc-12-12.2.0/debian/tmp-nvptx/usr,amdgcn-amdhsa=/build/reproducible-path/gcc-12-12.2.0/debian/tmp-gcn/usr --enable-offload-defaulted --without-cuda-driver --enable-checking=release --build=x86_64-linux-gnu --host=x86_64-linux-gnu --target=x86_64-linux-gnu
Thread model: posix
Supported LTO compression algorithms: zlib zstd
gcc version 12.2.0 (Debian 12.2.0-14+deb12u1) 
COMPILER_PATH=/home/agent/.local/usr/lib/gcc/x86_64-linux-gnu/12/:/home/agent/.local/usr/lib/gcc/x86_64-linux-gnu/:/home/agent/.local/usr/lib/gcc/
LIBRARY_PATH=/home/agent/.local/usr/lib/gcc/x86_64-linux-gnu/12/:/home/agent/.local/usr/lib/gcc/x86_64-linux-gnu/:/home/agent/.local/usr/lib/gcc/:/home/agent/.local/usr/lib/x86_64-linux-gnu/:/home/agent/.local/usr/lib/../lib/:/home/agent/.local/usr/lib/gcc/x86_64-linux-gnu/12/../../../x86_64-linux-gnu/:/home/agent/.local/usr/lib/gcc/x86_64-linux-gnu/12/../../../../lib/:/lib/x86_64-linux-gnu/:/lib/../lib/:/usr/lib/x86_64-linux-gnu/:/usr/lib/../lib/:/home/agent/.local/usr/lib/x86_64-linux-gnu/:/home/agent/.local/usr/lib/:/home/agent/.local/usr/lib/gcc/x86_64-linux-gnu/12/../../../:/lib/:/usr/lib/
COLLECT_GCC_OPTIONS='-v' '-o' 'cmTC_20eb3' '-mtune=generic' '-march=x86-64' '-dumpdir' 'cmTC_20eb3.'
 /home/agent/.local/usr/lib/gcc/x86_64-linux-gnu/12/collect2 -plugin /home/agent/.local/usr/lib/gcc/x86_64-linux-gnu/12/liblto_plugin.so -plugin-opt=/home/agent/.local/usr/lib/gcc/x86_64-linux-gnu/12/lto-wrapper -plugin-opt=-fresolution=/tmp/ccrIdP3U.res -plugin-opt=-pass-through=-lgcc -plugin-opt=-pass-through=-lgcc_s -plugin-opt=-pass-through=-lc -plugin-opt=-pass-through=-lgcc -plugin-opt=-pass-through=-lgcc_s --build-id --eh-frame-hdr -m elf_x86_64 --hash-style=gnu --as-needed -dynamic-linker /lib64/ld-linux-x86-64.so.2 -pie -o cmTC_20eb3 /home/agent/.local/usr/lib/x86_64-linux-gnu/Scrt1.o /home/agent/.local/usr/lib/x86_64-linux-gnu/crti.o /home/agent/.local/usr/lib/gcc/x86_64-linux-gnu/12/crtbeginS.o -L/home/agent/.local/usr/lib/gcc/x86_64-linux-gnu/12 -L/home/agent/.local/usr/lib/gcc/x86_64-linux-gnu -L/home/agent/.local/usr/lib/gcc -L/home/agent/.local/usr/lib/x86_64-linux-gnu -L/home/agent/.local/usr/lib/../lib -L/home/agent/.local/usr/lib/gcc/x86_64-linux-gnu/12/../../../x86_64-linux-gnu -L/home/agent/.local/usr/lib/gcc/x86_64-linux-gnu/12/../../../../lib -L/lib/x86_64-linux-gnu -L/lib/../lib -L/usr/lib/x86_64-linux-gnu -L/usr/lib/../lib -L/home/agent/.local/usr/lib/x86_64-linux-gnu -L/home/agent/.local/usr/lib -L/home/agent/.local/usr/lib/gcc/x86_64-linux-gnu/12/../../.. CMakeFiles/cmTC_20eb3.dir/CMakeCCompilerABI.c.o -lgcc --push-state --as-needed -lgcc_s --pop-state -lc -lgcc --push-state --as-needed -lgcc_s --pop-state /home/agent/.local/usr/lib/gcc/x86_64-linux-gnu/12/crtendS.o /home/agent/.local/usr/lib/x86_64-linux-gnu/crtn.o
COLLECT_GCC_OPTIONS='-v' '-o' 'cmTC_20eb3' '-mtune=generic' '-march=x86-64' '-dumpdir' 'cmTC_20eb3.'
gmake[1]: Leaving directory '/session/w683b/cm/CMakeFiles/CMakeScratch/TryCompile-wGgk63'



Parsed C implicit include dir info from above output: rv=done
  found start of include info
  found start of implicit include info
    add: [/home/agent/.local/usr/include]
    add: [/home/agent/.local/usr/include/x86_64-linux-gnu]
    add: [/home/agent/.local/usr/lib/gcc/x86_64-linux-gnu/12/include]
    add: [/usr/local/include]
    add: [/usr/include]
  end of search list found
  collapse include dir [/home/agent/.local/usr/include] ==> [/home/agent/.local/usr/include]
  collapse include dir [/home/agent/.local/usr/include/x86_64-linux-gnu] ==> [/home/agent/.local/usr/include/x86_64-linux-gnu]
  collapse include dir [/home/agent/.local/usr/lib/gcc/x86_64-linux-gnu/12/include] ==> [/home/agent/.local/usr/lib/gcc/x86_64-linux-gnu/12/include]
  collapse include dir [/usr/local/include] ==> [/usr/local/include]
  collapse include dir [/usr/include] ==> [/usr/include]
  implicit include dirs: [/home/agent/.local/usr/include;/home/agent/.local/usr/include/x86_64-linux-gnu;/home/agent/.local/usr/lib/gcc/x86_64-linux-gnu/12/include;/usr/local/include;/usr/include]


Parsed C implicit link information from above output:
  link line regex: [^( *|.*[/\])(ld|CMAKE_LINK_STARTFILE-NOTFOUND|([^/\]+-)?ld|collect2)[^/\]*( |$)]
  ignore line: [Change Dir: /session/w683b/cm/CMakeFiles/CMakeScratch/TryCompile-wGgk63]
  ignore line: []
  ignore line: [Run Build Command(s):/home/agent/.local/usr/bin/gmake -f Makefile cmTC_20eb3/fast && /home/agent/.local/usr/bin/gmake  -f CMakeFiles/cmTC_20eb3.dir/build.make CMakeFiles/cmTC_20eb3.dir/build]
  ignore line: [gmake[1]: Entering directory '/session/w683b/cm/CMakeFiles/CMakeScratch/TryCompile-wGgk63']
  ignore line: [Building C object CMakeFiles/cmTC_20eb3.dir/CMakeCCompilerABI.c.o]
  ignore line: [/home/agent/.local/usr/bin/gcc   -v -o CMakeFiles/cmTC_20eb3.dir/CMakeCCompilerABI.c.o -c /home/agent/.local/usr/share/cmake-3.25/Modules/CMakeCCompilerABI.c]
  ignore line: [Using built-in specs.]
  ignore line: [COLLECT_GCC=/home/agent/.local/usr/bin/gcc]
  ignore line: [OFFLOAD_TARGET_NAMES=nvptx-none:amdgcn-amdhsa]
  ignore line: [OFFLOAD_TARGET_DEFAULT=1]
  ignore line: [Target: x86_64-linux-gnu]
  ignore line: [Configured with: ../src/configure -v --with-pkgversion='Debian 12.2.0-14+deb12u1' --with-bugurl=file:///usr/share/doc/gcc-12/README.Bugs --enable-languages=c ada c++ go d fortran objc obj-c++ m2 --prefix=/usr --with-gcc-major-version-only --program-suffix=-12 --program-prefix=x86_64-linux-gnu- --enable-shared --enable-linker-build-id --libexecdir=/usr/lib --without-included-gettext --enable-threads=posix --libdir=/usr/lib --enable-nls --enable-clocale=gnu --enable-libstdcxx-debug --enable-libstdcxx-time=yes --with-default-libstdcxx-abi=new --enable-gnu-unique-object --disable-vtable-verify --enable-plugin --enable-default-pie --with-system-zlib --enable-libphobos-checking=release --with-target-system-zlib=auto --enable-objc-gc=auto --enable-multiarch --disable-werror --enable-cet --with-arch-32=i686 --with-abi=m64 --with-multilib-list=m32 m64 mx32 --enable-multilib --with-tune=generic --enable-offload-targets=nvptx-none=/build/reproducible-path/gcc-12-12.2.0/debian/tmp-nvptx/usr amdgcn-amdhsa=/build/reproducible-path/gcc-12-12.2.0/debian/tmp-gcn/usr --enable-offload-defaulted --without-cuda-driver --enable-checking=release --build=x86_64-linux-gnu --host=x86_64-linux-gnu --target=x86_64-linux-gnu]
  ignore line: [Thread model: posix]
  ignore line: [Supported LTO compression algorithms: zlib zstd]
  ignore line: [gcc version 12.2.0 (Debian 12.2.0-14+deb12u1) ]
  ignore line: [COLLECT_GCC_OPTIONS='-v' '-o' 'CMakeFiles/cmTC_20eb3.dir/CMakeCCompilerABI.c.o' '-c' '-mtune=generic' '-march=x86-64' '-dumpdir' 'CMakeFiles/cmTC_20eb3.dir/']
  ignore line: [ /home/agent/.local/usr/lib/gcc/x86_64-linux-gnu/12/cc1 -quiet -v -imultiarch x86_64-linux-gnu -iprefix /home/agent/.local/usr/lib/gcc/x86_64-linux-gnu/12/ /home/agent/.local/usr/share/cmake-3.25/Modules/CMakeCCompilerABI.c -quiet -dumpdir CMakeFiles/cmTC_20eb3.dir/ -dumpbase CMakeCCompilerABI.c.c -dumpbase-ext .c -mtune=generic -march=x86-64 -version -fasynchronous-unwind-tables -o /tmp/cc3WLPpU.s]
  ignore line: [GNU C17 (Debian 12.2.0-14+deb12u1) version 12.2.0 (x86_64-linux-gnu)]
  ignore line: [	compiled by GNU C version 12.2.0  GMP version 6.2.1  MPFR version 4.2.0  MPC version 1.3.1  isl version isl-0.25-GMP]
  ignore line: []
  ignore line: [GGC heuristics: --param ggc-min-expand=100 --param ggc-min-heapsize=131072]
  ignore line: [ignoring nonexistent directory "/home/agent/.local/usr/lib/gcc/x86_64-linux-gnu/12/include-fixed"]
  ignore line: [ignoring nonexistent directory "/home/agent/.local/usr/lib/gcc/x86_64-linux-gnu/12/../../../../x86_64-linux-gnu/include"]
  ignore line: [ignoring duplicate directory "/home/agent/.local/usr/lib/gcc/x86_64-linux-gnu/12/include"]
  ignore line: [ignoring nonexistent directory "/usr/local/include/x86_64-linux-gnu"]
  ignore line: [ignoring nonexistent directory "/home/agent/.local/usr/lib/gcc/../../lib/gcc/x86_64-linux-gnu/12/include-fixed"]
  ignore line: [ignoring nonexistent directory "/home/agent/.local/usr/lib/gcc/../../lib/gcc/x86_64-linux-gnu/12/../../../../x86_64-linux-gnu/include"]
  ignore line: [ignoring nonexistent directory "/usr/include/x86_64-linux-gnu"]
  ignore line: [#include "..." search starts here:]
  ignore line: [#include <...> search starts here:]
  ignore line: [ /home/agent/.local/usr/include]
  ignore line: [ /home/agent/.local/usr/include/x86_64-linux-gnu]
  ignore line: [ /home/agent/.local/usr/lib/gcc/x86_64-linux-gnu/12/include]
  ignore line: [ /usr/local/include]
  ignore line: [ /usr/include]
  ignore line: [End of search list.]
  ignore line: [GNU C17 (Debian 12.2.0-14+deb12u1) version 12.2.0 (x86_64-linux-gnu)]
  ignore line: [	compiled by GNU C version 12.2.0  GMP version 6.2.1  MPFR version 4.2.0  MPC version 1.3.1  isl version isl-0.25-GMP]
  ignore line: []
  ignore line: [GGC heuristics: --param ggc-min-expand=100 --param ggc-min-heapsize=131072]
  ignore line: [Compiler executable checksum: df5cb71f7b1353aac39c2b59ae45fa4a]
  ignore line: [COLLECT_GCC_OPTIONS='-v' '-o' 'CMakeFiles/cmTC_20eb3.dir/CMakeCCompilerABI.c.o' '-c' '-mtune=generic' '-march=x86-64' '-dumpdir' 'CMakeFiles/cmTC_20eb3.dir/']
  ignore line: [ as -v --64 -o CMakeFiles/cmTC_20eb3.dir/CMakeCCompilerABI.c.o /tmp/cc3WLPpU.s]
  ignore line: [GNU assembler version 2.40 (x86_64-linux-gnu) using BFD version (GNU Binutils for Debian) 2.40]
  ignore line: [COMPILER_PATH=/home/agent/.local/usr/lib/gcc/x86_64-linux-gnu/12/:/home/agent/.local/usr/lib/gcc/x86_64-linux-gnu/:/home/agent/.local/usr/lib/gcc/]
  ignore line: [LIBRARY_PATH=/home/agent/.local/usr/lib/gcc/x86_64-linux-gnu/12/:/home/agent/.local/usr/lib/gcc/x86_64-linux-gnu/:/home/agent/.local/usr/lib/gcc/:/home/agent/.local/usr/lib/x86_64-linux-gnu/:/home/agent/.local/usr/lib/../lib/:/home/agent/.local/usr/lib/gcc/x86_64-linux-gnu/12/../../../x86_64-linux-gnu/:/home/agent/.local/usr/lib/gcc/x86_64-linux-gnu/12/../../../../lib/:/lib/x86_64-linux-gnu/:/lib/../lib/:/usr/lib/x86_64-linux-gnu/:/usr/lib/../lib/:/home/agent/.local/usr/lib/x86_64-linux-gnu/:/home/agent/.local/usr/lib/:/home/agent/.local/usr/lib/gcc/x86_64-linux-gnu/12/../../../:/lib/:/usr/lib/]
  ignore line: [COLLECT_GCC_OPTIONS='-v' '-o' 'CMakeFiles/cmTC_20eb3.dir/CMakeCCompilerABI.c.o' '-c' '-mtune=generic' '-march=x86-64' '-dumpdir' 'CMakeFiles/cmTC_20eb3.dir/CMakeCCompilerABI.c.']
  ignore line: [Linking C executable cmTC_20eb3]
  ignore line: [/home/agent/.local/usr/bin/cmake -E cmake_link_script CMakeFiles/cmTC_20eb3.dir/link.txt --verbose=1]
  ignore line: [/home/agent/.local/usr/bin/gcc  -v CMakeFiles/cmTC_20eb3.dir/CMakeCCompilerABI.c.o -o cmTC_20eb3 ]
  ignore line: [Using built-in specs.]
  ignore line: [COLLECT_GCC=/home/agent/.local/usr/bin/gcc]
  ignore line: [COLLECT_LTO_WRAPPER=/home/agent/.local/usr/lib/gcc/x86_64-linux-gnu/12/lto-wrapper]
  ignore line: [OFFLOAD_TARGET_NAMES=nvptx-none:amdgcn-amdhsa]
  ignore line: [OFFLOAD_TARGET_DEFAULT=1]
  ignore line: [Target: x86_64-linux-gnu]
  ignore line: [Configured with: ../src/configure -v --with-pkgversion='Debian 12.2.0-14+deb12u1' --with-bugurl=file:///usr/share/doc/gcc-12/README.Bugs --enable-languages=c ada c++ go d fortran objc obj-c++ m2 --prefix=/usr --with-gcc-major-version-only --program-suffix=-12 --program-prefix=x86_64-linux-gnu- --enable-shared --enable-linker-build-id --libexecdir=/usr/lib --without-included-gettext --enable-threads=posix --libdir=/usr/lib --enable-nls --enable-clocale=gnu --enable-libstdcxx-debug --enable-libstdcxx-time=yes --with-default-libstdcxx-abi=new --enable-gnu-unique-object --disable-vtable-verify --enable-plugin --enable-default-pie --with-system-zlib --enable-libphobos-checking=release --with-target-system-zlib=auto --enable-objc-gc=auto --enable-multiarch --disable-werror --enable-cet --with-arch-32=i686 --with-abi=m64 --with-multilib-list=m32 m64 mx32 --enable-multilib --with-tune=generic --enable-offload-targets=nvptx-none=/build/reproducible-path/gcc-12-12.2.0/debian/tmp-nvptx/usr amdgcn-amdhsa=/build/reproducible-path/gcc-12-12.2.0/debian/tmp-gcn/usr --enable-offload-defaulted --without-cuda-driver --enable-checking=release --build=x86_64-linux-gnu --host=x86_64-linux-gnu --target=x86_64-linux-gnu]
  ignore line: [Thread model: posix]
  ignore line: [Supported LTO compression algorithms: zlib zstd]
  ignore line: [gcc version 12.2.0 (Debian 12.2.0-14+deb12u1) ]
  ignore line: [COMPILER_PATH=/home/agent/.local/usr/lib/gcc/x86_64-linux-gnu/12/:/home/agent/.local/usr/lib/gcc/x86_64-linux-gnu/:/home/agent/.local/usr/lib/gcc/]
  ignore line: [LIBRARY_PATH=/home/agent/.local/usr/lib/gcc/x86_64-linux-gnu/12/:/home/agent/.local/usr/lib/gcc/x86_64-linux-gnu/:/home/agent/.local/usr/lib/gcc/:/home/agent/.local/usr/lib/x86_64-linux-gnu/:/home/agent/.local/usr/lib/../lib/:/home/agent/.local/usr/lib/gcc/x86_64-linux-gnu/12/../../../x86_64-linux-gnu/:/home/agent/.local/usr/lib/gcc/x86_64-linux-gnu/12/../../../../lib/:/lib/x86_64-linux-gnu/:/lib/../lib/:/usr/lib/x86_64-linux-gnu/:/usr/lib/../lib/:/home/agent/.local/usr/lib/x86_64-linux-gnu/:/home/agent/.local/usr/lib/:/home/agent/.local/usr/lib/gcc/x86_64-linux-gnu/12/../../../:/lib/:/usr/lib/]
  ignore line: [COLLECT_GCC_OPTIONS='-v' '-o' 'cmTC_20eb3' '-mtune=generic' '-march=x86-64' '-dumpdir' 'cmTC_20eb3.']
  link line: [ /home/agent/.local/usr/lib/gcc/x86_64-linux-gnu/12/collect2 -plugin /home/agent/.local/usr/lib/gcc/x86_64-linux-gnu/12/liblto_plugin.so -plugin-opt=/home/agent/.local/usr/lib/gcc/x86_64-linux-gnu/12/lto-wrapper -plugin-opt=-fresolution=/tmp/ccrIdP3U.res -plugin-opt=-pass-through=-lgcc -plugin-opt=-pass-through=-lgcc_s -plugin-opt=-pass-through=-lc -plugin-opt=-pass-through=-lgcc -plugin-opt=-pass-through=-lgcc_s --build-id --eh-frame-hdr -m elf_x86_64 --hash-style=gnu --as-needed -dynamic-linker /lib64/ld-linux-x86-64.so.2 -pie -o cmTC_20eb3 /home/agent/.local/usr/lib/x86_64-linux-gnu/Scrt1.o /home/agent/.local/usr/lib/x86_64-linux-gnu/crti.o /home/agent/.local/usr/lib/gcc/x86_64-linux-gnu/12/crtbeginS.o -L/home/agent/.local/usr/lib/gcc/x86_64-linux-gnu/12 -L/home/agent/.local/usr/lib/gcc/x86_64-linux-gnu -L/home/agent/.local/usr/lib/gcc -L/home/agent/.local/usr/lib/x86_64-linux-gnu -L/home/agent/.local/usr/lib/../lib -L/home/agent/.local/usr/lib/gcc/x86_64-linux-gnu/12/../../../x86_64-linux-gnu -L/home/agent/.local/usr/lib/gcc/x86_64-linux-gnu/12/../../../../lib -L/lib/x86_64-linux-gnu -L/lib/../lib -L/usr/lib/x86_64-linux-gnu -L/usr/lib/../lib -L/home/agent/.local/usr/lib/x86_64-linux-gnu -L/home/agent/.local/usr/lib -L/home/agent/.local/usr/lib/gcc/x86_64-linux-gnu/12/../../.. CMakeFiles/cmTC_20eb3.dir/CMakeCCompilerABI.c.o -lgcc --push-state --as-needed -lgcc_s --pop-state -lc -lgcc --push-state --as-needed -lgcc_s --pop-state /home/agent/.local/usr/lib/gcc/x86_64-linux-gnu/12/crtendS.o /home/agent/.local/usr/lib/x86_64-linux-gnu/crtn.o]
    arg [/home/agent/.local/usr/lib/gcc/x86_64-linux-gnu/12/collect2] ==> ignore
    arg [-plugin] ==> ignore
    arg [/home/agent/.local/usr/lib/gcc/x86_64-linux-gnu/12/liblto_plugin.so] ==> ignore
    arg [-plugin-opt=/home/agent/.local/usr/lib/gcc/x86_64-linux-gnu/12/lto-wrapper] ==> ignore
    arg [-plugin-opt=-fresolution=/tmp/ccrIdP3U.res] ==> ignore
    arg [-plugin-opt=-pass-through=-lgcc] ==> ignore
    arg [-plugin-opt=-pass-through=-lgcc_s] ==> ignore
    arg [-plugin-opt=-pass-through=-lc] ==> ignore
    arg [-plugin-opt=-pass-through=-lgcc] ==> ignore
    arg [-plugin-opt=-pass-through=-lgcc_s] ==> ignore
    arg [--build-id] ==> ignore
    arg [--eh-frame-hdr] ==> ignore
    arg [-m] ==> ignore
    arg [elf_x86_64] ==> ignore
    arg [--hash-style=gnu] ==> ignore
    arg [--as-needed] ==> ignore
    arg [-dynamic-linker] ==> ignore
    arg [/lib64/ld-linux-x86-64.so.2] ==> ignore
    arg [-pie] ==> ignore
    arg [-o] ==> ignore
    arg [cmTC_20eb3] ==> ignore
    arg [/home/agent/.local/usr/lib/x86_64-linux-gnu/Scrt1.o] ==> obj [/home/agent/.local/usr/lib/x86_64-linux-gnu/Scrt1.o]
    arg [/home/agent/.local/usr/lib/x86_64-linux-gnu/crti.o] ==> obj [/home/agent/.local/usr/lib/x86_64-linux-gnu/crti.o]
    arg [/home/agent/.local/usr/lib/gcc/x86_64-linux-gnu/12/crtbeginS.o] ==> obj [/home/agent/.local/usr/lib/gcc/x86_64-linux-gnu/12/crtbeginS.o]
    arg [-L/home/agent/.local/usr/lib/gcc/x86_64-linux-gnu/12] ==> dir [/home/agent/.local/usr/lib/gcc/x86_64-linux-gnu/12]
    arg [-L/home/agent/.local/usr/lib/gcc/x86_64-linux-gnu] ==> dir [/home/agent/.local/usr/lib/gcc/x86_64-linux-gnu]
    arg [-L/home/agent/.local/usr/lib/gcc] ==> dir [/home/agent/.local/usr/lib/gcc]
    arg [-L/home/agent/.local/usr/lib/x86_64-linux-gnu] ==> dir [/home/agent/.local/usr/lib/x86_64-linux-gnu]
    arg [-L/home/agent/.local/usr/lib/../lib] ==> dir [/home/agent/.local/usr/lib/../lib]
    arg [-L/home/agent/.local/usr/lib/gcc/x86_64-linux-gnu/12/../../../x86_64-linux-gnu] ==> dir [/home/agent/.local/usr/lib/gcc/x86_64-linux-gnu/12/../../../x86_64-linux-gnu]
    arg [-L/home/agent/.local/usr/lib/gcc/x86_64-linux-gnu/12/../../../../lib] ==> dir [/home/agent/.local/usr/lib/gcc/x86_64-linux-gnu/12/../../../../lib]
    arg [-L/lib/x86_64-linux-gnu] ==> dir [/lib/x86_64-linux-gnu]
    arg [-L/lib/../lib] ==> dir [/lib/../lib]
    arg [-L/usr/lib/x86_64-linux-gnu] ==> dir [/usr/lib/x86_64-linux-gnu]
    arg [-L/usr/lib/../lib] ==> dir [/usr/lib/../lib]
    arg [-L/home/agent/.local/usr/lib/x86_64-linux-gnu] ==> dir [/home/agent/.local/usr/lib/x86_64-linux-gnu]
    arg [-L/home/agent/.local/usr/lib] ==> dir [/home/agent/.local/usr/lib]
    arg [-L/home/agent/.local/usr/lib/gcc/x86_64-linux-gnu/12/../../..] ==> dir [/home/agent/.local/usr/lib/gcc/x86_64-linux-gnu/12/../../..]
    arg [CMakeFiles/cmTC_20eb3.dir/CMakeCCompilerABI.c.o] ==> ignore
    arg [-lgcc] ==> lib [gcc]
    arg [--push-state] ==> ignore
    arg [--as-needed] ==> ignore
    arg [-lgcc_s] ==> lib [gcc_s]
    arg [--pop-state] ==> ignore
    arg [-lc] ==> lib [c]
    arg [-lgcc] ==> lib [gcc]
    arg [--push-state] ==> ignore
    arg [--as-needed] ==> ignore
    arg [-lgcc_s] ==> lib [gcc_s]
    arg [--pop-state] ==> ignore
    arg [/home/agent/.local/usr/lib/gcc/x86_64-linux-gnu/12/crtendS.o] ==> obj [/home/agent/.local/usr/lib/gcc/x86_64-linux-gnu/12/crtendS.o]
    arg [/home/agent/.local/usr/lib/x86_64-linux-gnu/crtn.o] ==> obj [/home/agent/.local/usr/lib/x86_64-linux-gnu/crtn.o]
  collapse library dir [/home/agent/.local/usr/lib/gcc/x86_64-linux-gnu/12] ==> [/home/agent/.local/usr/lib/gcc/x86_64-linux-gnu/12]
  collapse library dir [/home/agent/.local/usr/lib/gcc/x86_64-linux-gnu] ==> [/home/agent/.local/usr/lib/gcc/x86_64-linux-gnu]
  collapse library dir [/home/agent/.local/usr/lib/gcc] ==> [/home/agent/.local/usr/lib/gcc]
  collapse library dir [/home/agent/.local/usr/lib/x86_64-linux-gnu] ==> [/home/agent/.local/usr/lib/x86_64-linux-gnu]
  collapse library dir [/home/agent/.local/usr/lib/../lib] ==> [/home/agent/.local/usr/lib]
  collapse library dir [/home/agent/.local/usr/lib/gcc/x86_64-linux-gnu/12/../../../x86_64-linux-gnu] ==> [/home/agent/.local/usr/lib/x86_64-linux-gnu]
  collapse library dir [/home/agent/.local/usr/lib/gcc/x86_64-linux-gnu/12/../../../../lib] ==> [/home/agent/.local/usr/lib]
  collapse library dir [/lib/x86_64-linux-gnu] ==> [/lib/x86_64-linux-gnu]
  collapse library dir [/lib/../lib] ==> [/lib]
  collapse library dir [/usr/lib/x86_64-linux-gnu] ==> [/usr/lib/x86_64-linux-gnu]
  collapse library dir [/usr/lib/../lib] ==> [/usr/lib]
  collapse library dir [/home/agent/.local/usr/lib/x86_64-linux-gnu] ==> [/home/agent/.local/usr/lib/x86_64-linux-gnu]
  collapse library dir [/home/agent/.local/usr/lib] ==> [/home/agent/.local/usr/lib]
  collapse library dir [/home/agent/.local/usr/lib/gcc/x86_64-linux-gnu/12/../../..] ==> [/home/agent/.local/usr/lib]
  implicit libs: [gcc;gcc_s;c;gcc;gcc_s]
  implicit objs: [/home/agent/.local/usr/lib/x86_64-linux-gnu/Scrt1.o;/home/agent/.local/usr/lib/x86_64-linux-gnu/crti.o;/home/agent/.local/usr/lib/gcc/x86_64-linux-gnu/12/crtbeginS.o;/home/agent/.local/usr/lib/gcc/x86_64-linux-gnu/12/crtendS.o;/home/agent/.local/usr/lib/x86_64-linux-gnu/crtn.o]
  implicit dirs: [/home/agent/.local/usr/lib/gcc/x86_64-linux-gnu/12;/home/agent/.local/usr/lib/gcc/x86_64-linux-gnu;/home/agent/.local/usr/lib/gcc;/home/agent/.local/usr/lib/x86_64-linux-gnu;/home/agent/.local/usr/lib;/lib/x86_64-linux-gnu;/lib;/usr/lib/x86_64-linux-gnu;/usr/lib]
  implicit fwks: []


Detecting CXX compiler ABI info compiled with the following output:
Change Dir: /session/w683b/cm/CMakeFiles/CMakeScratch/TryCompile-MD4iXR

Run Build Command(s):/home/agent/.local/usr/bin/gmake -f Makefile cmTC_98eaa/fast && /home/agent/.local/usr/bin/gmake  -f CMakeFiles/cmTC_98eaa.dir/build.make CMakeFiles/cmTC_98eaa.dir/build
gmake[1]: Entering directory '/session/w683b/cm/CMakeFiles/CMakeScratch/TryCompile-MD4iXR'
Building CXX object CMakeFiles/cmTC_98eaa.dir/CMakeCXXCompilerABI.cpp.o
/home/agent/.local/usr/bin/g++   -v -o CMakeFiles/cmTC_98eaa.dir/CMakeCXXCompilerABI.cpp.o -c /home/agent/.local/usr/share/cmake-3.25/Modules/CMakeCXXCompilerABI.cpp
Using built-in specs.
COLLECT_GCC=/home/agent/.local/usr/bin/g++
OFFLOAD_TARGET_NAMES=nvptx-none:amdgcn-amdhsa
OFFLOAD_TARGET_DEFAULT=1
Target: x86_64-linux-gnu
Configured with: ../src/configure -v --with-pkgversion='Debian 12.2.0-14+deb12u1' --with-bugurl=file:///usr/share/doc/gcc-12/README.Bugs --enable-languages=c,ada,c++,go,d,fortran,objc,obj-c++,m2 --prefix=/usr --with-gcc-major-version-only --program-suffix=-12 --program-prefix=x86_64-linux-gnu- --enable-shared --enable-linker-build-id --libexecdir=/usr/lib --without-included-gettext --enable-threads=posix --libdir=/usr/lib --enable-nls --enable-clocale=gnu --enable-libstdcxx-debug --enable-libstdcxx-time=yes --with-default-libstdcxx-abi=new --enable-gnu-unique-object --disable-vtable-verify --enable-plugin --enable-default-pie --with-system-zlib --enable-libphobos-checking=release --with-target-system-zlib=auto --enable-objc-gc=auto --enable-multiarch --disable-werror --enable-cet --with-arch-32=i686 --with-abi=m64 --with-multilib-list=m32,m64,mx32 --enable-multilib --with-tune=generic --enable-offload-targets=nvptx-none=/build/reproducible-path/gcc-12-12.2.0/debian/tmp-nvptx/usr,amdgcn-amdhsa=/build/reproducible-path/gcc-12-12.2.0/debian/tmp-gcn/usr --enable-offload-defaulted --without-cuda-driver --enable-checking=release --build=x86_64-linux-gnu --host=x86_64-linux-gnu --target=x86_64-linux-gnu
Thread model: posix
Supported LTO compression algorithms: zlib zstd
gcc version 12.2.0 (Debian 12.2.0-14+deb12u1) 
COLLECT_GCC_OPTIONS='-v' '-o' 'CMakeFiles/cmTC_98eaa.dir/CMakeCXXCompilerABI.cpp.o' '-c' '-shared-libgcc' '-mtune=generic' '-march=x86-64' '-dumpdir' 'CMakeFiles/cmTC_98eaa.dir/'
 /home/agent/.local/usr/lib/gcc/x86_64-linux-gnu/12/cc1plus -quiet -v -imultiarch x86_64-linux-gnu -iprefix /home/agent/.local/usr/lib/gcc/x86_64-linux-gnu/12/ -D_GNU_SOURCE /home/agent/.local/usr/share/cmake-3.25/Modules/CMakeCXXCompilerABI.cpp -quiet -dumpdir CMakeFiles/cmTC_98eaa.dir/ -dumpbase CMakeCXXCompilerABI.cpp.cpp -dumpbase-ext .cpp -mtune=generic -march=x86-64 -version -fasynchronous-unwind-tables -o /tmp/ccVKV7wP.s
GNU C++17 (Debian 12.2.0-14+deb12u1) version 12.2.0 (x86_64-linux-gnu)
	compiled by GNU C version 12.2.0, GMP version 6.2.1, MPFR version 4.2.0, MPC version 1.3.1, isl version isl-0.25-GMP

GGC heuristics: --param ggc-min-expand=100 --param ggc-min-heapsize=131072
ignoring duplicate directory "/home/agent/.local/usr/include/c++/12"
ignoring duplicate directory "/home/agent/.local/usr/include/x86_64-linux-gnu/c++/12"
ignoring nonexistent directory "/home/agent/.local/usr/lib/gcc/x86_64-linux-gnu/12/../../../../include/x86_64-linux-gnu/c++/12/x86_64-linux-gnu"
ignoring duplicate directory "/home/agent/.local/usr/include/c++/12/backward"
ignoring nonexistent directory "/home/agent/.local/usr/lib/gcc/x86_64-linux-gnu/12/include-fixed"
ignoring nonexistent directory "/home/agent/.local/usr/lib/gcc/x86_64-linux-gnu/12/../../../../x86_64-linux-gnu/include"
ignoring duplicate directory "/home/agent/.local/usr/include/c++/12"
ignoring duplicate directory "/home/agent/.local/usr/include/x86_64-linux-gnu/c++/12"
ignoring duplicate directory "/home/agent/.local/usr/include/x86_64-linux-gnu/c++/12"
ignoring duplicate directory "/home/agent/.local/usr/include/c++/12/backward"
ignoring duplicate directory "/home/agent/.local/usr/lib/gcc/x86_64-linux-gnu/12/include"
ignoring nonexistent directory "/usr/local/include/x86_64-linux-gnu"
ignoring nonexistent directory "/home/agent/.local/usr/lib/gcc/../../lib/gcc/x86_64-linux-gnu/12/include-fixed"
ignoring nonexistent directory "/home/agent/.local/usr/lib/gcc/../../lib/gcc/x86_64-linux-gnu/12/../../../../x86_64-linux-gnu/include"
ignoring nonexistent directory "/usr/include/x86_64-linux-gnu"
#include "..." search starts here:
#include <...> search starts here:
 /home/agent/.local/usr/include/c++/12
 /home/agent/.local/usr/include/x86_64-linux-gnu/c++/12
 /home/agent/.local/usr/include/c++/12/backward
 /home/agent/.local/usr/include
 /home/agent/.local/usr/include/x86_64-linux-gnu
 /home/agent/.local/usr/lib/gcc/x86_64-linux-gnu/12/include
 /usr/local/include
 /usr/include
End of search list.
GNU C++17 (Debian 12.2.0-14+deb12u1) version 12.2.0 (x86_64-linux-gnu)
	compiled by GNU C version 12.2.0, GMP version 6.2.1, MPFR version 4.2.0, MPC version 1.3.1, isl version isl-0.25-GMP

GGC heuristics: --param ggc-min-expand=100 --param ggc-min-heapsize=131072
Compiler executable checksum: 18a4c0b3348b838f5ec9d956298050ac
COLLECT_GCC_OPTIONS='-v' '-o' 'CMakeFiles/cmTC_98eaa.dir/CMakeCXXCompilerABI.cpp.o' '-c' '-shared-libgcc' '-mtune=generic' '-march=x86-64' '-dumpdir' 'CMakeFiles/cmTC_98eaa.dir/'
 as -v --64 -o CMakeFiles/cmTC_98eaa.dir/CMakeCXXCompilerABI.cpp.o /tmp/ccVKV7wP.s
GNU assembler version 2.40 (x86_64-linux-gnu) using BFD version (GNU Binutils for Debian) 2.40
COMPILER_PATH=/home/agent/.local/usr/lib/gcc/x86_64-linux-gnu/12/:/home/agent/.local/usr/lib/gcc/x86_64-linux-gnu/:/home/agent/.local/usr/lib/gcc/
LIBRARY_PATH=/home/agent/.local/usr/lib/gcc/x86_64-linux-gnu/12/:/home/agent/.local/usr/lib/gcc/x86_64-linux-gnu/:/home/agent/.local/usr/lib/gcc/:/home/agent/.local/usr/lib/x86_64-linux-gnu/:/home/agent/.local/usr/lib/../lib/:/home/agent/.local/usr/lib/gcc/x86_64-linux-gnu/12/../../../x86_64-linux-gnu/:/home/agent/.local/usr/lib/gcc/x86_64-linux-gnu/12/../../../../lib/:/lib/x86_64-linux-gnu/:/lib/../lib/:/usr/lib/x86_64-linux-gnu/:/usr/lib/../lib/:/home/agent/.local/usr/lib/x86_64-linux-gnu/:/home/agent/.local/usr/lib/:/home/agent/.local/usr/lib/gcc/x86_64-linux-gnu/12/../../../:/lib/:/usr/lib/
COLLECT_GCC_OPTIONS='-v' '-o' 'CMakeFiles/cmTC_98eaa.dir/CMakeCXXCompilerABI.cpp.o' '-c' '-shared-libgcc' '-mtune=generic' '-march=x86-64' '-dumpdir' 'CMakeFiles/cmTC_98eaa.dir/CMakeCXXCompilerABI.cpp.'
Linking CXX executable cmTC_98eaa
/home/agent/.local/usr/bin/cmake -E cmake_link_script CMakeFiles/cmTC_98eaa.dir/link.txt --verbose=1
/home/agent/.local/usr/bin/g++  -v CMakeFiles/cmTC_98eaa.dir/CMakeCXXCompilerABI.cpp.o -o cmTC_98eaa 
Using built-in specs.
COLLECT_GCC=/home/agent/.local/usr/bin/g++
COLLECT_LTO_WRAPPER=/home/agent/.local/usr/lib/gcc/x86_64-linux-gnu/12/lto-wrapper
OFFLOAD_TARGET_NAMES=nvptx-none:amdgcn-amdhsa
OFFLOAD_TARGET_DEFAULT=1
Target: x86_64-linux-gnu
Configured with: ../src/configure -v --with-pkgversion='Debian 12.2.0-14+deb12u1' --with-bugurl=file:///usr/share/doc/gcc-12/README.Bugs --enable-languages=c,ada,c++,go,d,fortran,objc,obj-c++,m2 --prefix=/usr --with-gcc-major-version-only --program-suffix=-12 --program-prefix=x86_64-linux-gnu- --enable-shared --enable-linker-build-id --libexecdir=/usr/lib --without-included-gettext --enable-threads=posix --libdir=/usr/lib --enable-nls --enable-clocale=gnu --enable-libstdcxx-debug --enable-libstdcxx-time=yes --with-default-libstdcxx-abi=new --enable-gnu-unique-object --disable-vtable-verify --enable-plugin --enable-default-pie --with-system-zlib --enable-libphobos-checking=release --with-target-system-zlib=auto --enable-objc-gc=auto --enable-multiarch --disable-werror --enable-cet --with-arch-32=i686 --with-abi=m64 --with-multilib-list=m32,m64,mx32 --enable-multilib --with-tune=generic --enable-offload-targets=nvptx-none=/build/reproducible-path/gcc-12-12.2.0/debian/tmp-nvptx/usr,amdgcn-amdhsa=/build/reproducible-path/gcc-12-12.2.0/debian/tmp-gcn/usr --enable-offload-defaulted --without-cuda-driver --enable-checking=release --build=x86_64-linux-gnu --host=x86_64-linux-gnu --target=x86_64-linux-gnu
Thread model: posix
Supported LTO compression algorithms: zlib zstd
gcc version 12.2.0 (Debian 12.2.0-14+deb12u1) 
COMPILER_PATH=/home/agent/.local/usr/lib/gcc/x86_64-linux-gnu/12/:/home/agent/.local/usr/lib/gcc/x86_64-linux-gnu/:/home/agent/.local/usr/lib/gcc/
LIBRARY_PATH=/home/agent/.local/usr/lib/gcc/x86_64-linux-gnu/12/:/home/agent/.local/usr/lib/gcc/x86_64-linux-gnu/:/home/agent/.local/usr/lib/gcc/:/home/agent/.local/usr/lib/x86_64-linux-gnu/:/home/agent/.local/usr/lib/../lib/:/home/agent/.local/usr/lib/gcc/x86_64-linux-gnu/12/../../../x86_64-linux-gnu/:/home/agent/.local/usr/lib/gcc/x86_64-linux-gnu/12/../../../../lib/:/lib/x86_64-linux-gnu/:/lib/../lib/:/usr/lib/x86_64-linux-gnu/:/usr/lib/../lib/:/home/agent/.local/usr/lib/x86_64-linux-gnu/:/home/agent/.local/usr/lib/:/home/agent/.local/usr/lib/gcc/x86_64-linux-gnu/12/../../../:/lib/:/usr/lib/
COLLECT_GCC_OPTIONS='-v' '-o' 'cmTC_98eaa' '-shared-libgcc' '-mtune=generic' '-march=x86-64' '-dumpdir' 'cmTC_98eaa.'
 /home/agent/.local/usr/lib/gcc/x86_64-linux-gnu/12/collect2 -plugin /home/agent/.local/usr/lib/gcc/x86_64-linux-gnu/12/liblto_plugin.so -plugin-opt=/home/agent/.local/usr/lib/gcc/x86_64-linux-gnu/12/lto-wrapper -plugin-opt=-fresolution=/tmp/ccZn2eod.res -plugin-opt=-pass-through=-lgcc_s -plugin-opt=-pass-through=-lgcc -plugin-opt=-pass-through=-lc -plugin-opt=-pass-through=-lgcc_s -plugin-opt=-pass-through=-lgcc --build-id --eh-frame-hdr -m elf_x86_64 --hash-style=gnu --as-needed -dynamic-linker /lib64/ld-linux-x86-64.so.2 -pie -o cmTC_98eaa /home/agent/.local/usr/lib/x86_64-linux-gnu/Scrt1.o /home/agent/.local/usr/lib/x86_64-linux-gnu/crti.o /home/agent/.local/usr/lib/gcc/x86_64-linux-gnu/12/crtbeginS.o -L/home/agent/.local/usr/lib/gcc/x86_64-linux-gnu/12 -L/home/agent/.local/usr/lib/gcc/x86_64-linux-gnu -L/home/agent/.local/usr/lib/gcc -L/home/agent/.local/usr/lib/x86_64-linux-gnu -L/home/agent/.local/usr/lib/../lib -L/home/agent/.local/usr/lib/gcc/x86_64-linux-gnu/12/../../../x86_64-linux-gnu -L/home/agent/.local/usr/lib/gcc/x86_64-linux-gnu/12/../../../../lib -L/lib/x86_64-linux-gnu -L/lib/../lib -L/usr/lib/x86_64-linux-gnu -L/usr/lib/../lib -L/home/agent/.local/usr/lib/x86_64-linux-gnu -L/home/agent/.local/usr/lib -L/home/agent/.local/usr/lib/gcc/x86_64-linux-gnu/12/../../.. CMakeFiles/cmTC_98eaa.dir/CMakeCXXCompilerABI.cpp.o -lstdc++ -lm -lgcc_s -lgcc -lc -lgcc_s -lgcc /home/agent/.local/usr/lib/gcc/x86_64-linux-gnu/12/crtendS.o /home/agent/.local/usr/lib/x86_64-linux-gnu/crtn.o
COLLECT_GCC_OPTIONS='-v' '-o' 'cmTC_98eaa' '-shared-libgcc' '-mtune=generic' '-march=x86-64' '-dumpdir' 'cmTC_98eaa.'
gmake[1]: Leaving directory '/session/w683b/cm/CMakeFiles/CMakeScratch/TryCompile-MD4iXR'



Parsed CXX implicit include dir info from above output: rv=done
  found start of include info
  found start of implicit include info
    add: [/home/agent/.local/usr/include/c++/12]
    add: [/home/agent/.local/usr/include/x86_64-linux-gnu/c++/12]
    add: [/home/agent/.local/usr/include/c++/12/backward]
    add: [/home/agent/.local/usr/include]
    add: [/home/agent/.local/usr/include/x86_64-linux-gnu]
    add: [/home/agent/.local/usr/lib/gcc/x86_64-linux-gnu/12/include]
    add: [/usr/local/include]
    add: [/usr/include]
  end of search list found
  collapse include dir [/home/agent/.local/usr/include/c++/12] ==> [/home/agent/.local/usr/include/c++/12]
  collapse include dir [/home/agent/.local/usr/include/x86_64-linux-gnu/c++/12] ==> [/home/agent/.local/usr/include/x86_64-linux-gnu/c++/12]
  collapse include dir [/home/agent/.local/usr/include/c++/12/backward] ==> [/home/agent/.local/usr/include/c++/12/backward]
  collapse include dir [/home/agent/.local/usr/include] ==> [/home/agent/.local/usr/include]
  collapse include dir [/home/agent/.local/usr/include/x86_64-linux-gnu] ==> [/home/agent/.local/usr/include/x86_64-linux-gnu]
  collapse include dir [/home/agent/.local/usr/lib/gcc/x86_64-linux-gnu/12/include] ==> [/home/agent/.local/usr/lib/gcc/x86_64-linux-gnu/12/include]
  collapse include dir [/usr/local/include] ==> [/usr/local/include]
  collapse include dir [/usr/include] ==> [/usr/include]
  implicit include dirs: [/home/agent/.local/usr/include/c++/12;/home/agent/.local/usr/include/x86_64-linux-gnu/c++/12;/home/agent/.local/usr/include/c++/12/backward;/home/agent/.local/usr/include;/home/agent/.local/usr/include/x86_64-linux-gnu;/home/agent/.local/usr/lib/gcc/x86_64-linux-gnu/12/include;/usr/local/include;/usr/include]


Parsed CXX implicit link information from above output:
  link line regex: [^( *|.*[/\])(ld|CMAKE_LINK_STARTFILE-NOTFOUND|([^/\]+-)?ld|collect2)[^/\]*( |$)]
  ignore line: [Change Dir: /session/w683b/cm/CMakeFiles/CMakeScratch/TryCompile-MD4iXR]
  ignore line: []
  ignore line: [Run Build Command(s):/home/agent/.local/usr/bin/gmake -f Makefile cmTC_98eaa/fast && /home/agent/.local/usr/bin/gmake  -f CMakeFiles/cmTC_98eaa.dir/build.make CMakeFiles/cmTC_98eaa.dir/build]
  ignore line: [gmake[1]: Entering directory '/session/w683b/cm/CMakeFiles/CMakeScratch/TryCompile-MD4iXR']
  ignore line: [Building CXX object CMakeFiles/cmTC_98eaa.dir/CMakeCXXCompilerABI.cpp.o]
  ignore line: [/home/agent/.local/usr/bin/g++   -v -o CMakeFiles/cmTC_98eaa.dir/CMakeCXXCompilerABI.cpp.o -c /home/agent/.local/usr/share/cmake-3.25/Modules/CMakeCXXCompilerABI.cpp]
  ignore line: [Using built-in specs.]
  ignore line: [COLLECT_GCC=/home/agent/.local/usr/bin/g++]
  ignore line: [OFFLOAD_TARGET_NAMES=nvptx-none:amdgcn-amdhsa]
  ignore line: [OFFLOAD_TARGET_DEFAULT=1]
  ignore line: [Target: x86_64-linux-gnu]
  ignore line: [Configured with: ../src/configure -v --with-pkgversion='Debian 12.2.0-14+deb12u1' --with-bugurl=file:///usr/share/doc/gcc-12/README.Bugs --enable-languages=c ada c++ go d fortran objc obj-c++ m2 --prefix=/usr --with-gcc-major-version-only --program-suffix=-12 --program-prefix=x86_64-linux-gnu- --enable-shared --enable-linker-build-id --libexecdir=/usr/lib --without-included-gettext --enable-threads=posix --libdir=/usr/lib --enable-nls --enable-clocale=gnu --enable-libstdcxx-debug --enable-libstdcxx-time=yes --with-default-libstdcxx-abi=new --enable-gnu-unique-object --disable-vtable-verify --enable-plugin --enable-default-pie --with-system-zlib --enable-libphobos-checking=release --with-target-system-zlib=auto --enable-objc-gc=auto --enable-multiarch --disable-werror --enable-cet --with-arch-32=i686 --with-abi=m64 --with-multilib-list=m32 m64 mx32 --enable-multilib --with-tune=generic --enable-offload-targets=nvptx-none=/build/reproducible-path/gcc-12-12.2.0/debian/tmp-nvptx/usr amdgcn-amdhsa=/build/reproducible-path/gcc-12-12.2.0/debian/tmp-gcn/usr --enable-offload-defaulted --without-cuda-driver --enable-checking=release --build=x86_64-linux-gnu --host=x86_64-linux-gnu --target=x86_64-linux-gnu]
  ignore line: [Thread model: posix]
  ignore line: [Supported LTO compression algorithms: zlib zstd]
  ignore line: [gcc version 12.2.0 (Debian 12.2.0-14+deb12u1) ]
  ignore line: [COLLECT_GCC_OPTIONS='-v' '-o' 'CMakeFiles/cmTC_98eaa.dir/CMakeCXXCompilerABI.cpp.o' '-c' '-shared-libgcc' '-mtune=generic' '-march=x86-64' '-dumpdir' 'CMakeFiles/cmTC_98eaa.dir/']
  ignore line: [ /home/agent/.local/usr/lib/gcc/x86_64-linux-gnu/12/cc1plus -quiet -v -imultiarch x86_64-linux-gnu -iprefix /home/agent/.local/usr/lib/gcc/x86_64-linux-gnu/12/ -D_GNU_SOURCE /home/agent/.local/usr/share/cmake-3.25/Modules/CMakeCXXCompilerABI.cpp -quiet -dumpdir CMakeFiles/cmTC_98eaa.dir/ -dumpbase CMakeCXXCompilerABI.cpp.cpp -dumpbase-ext .cpp -mtune=generic -march=x86-64 -version -fasynchronous-unwind-tables -o /tmp/ccVKV7wP.s]
  ignore line: [GNU C++17 (Debian 12.2.0-14+deb12u1) version 12.2.0 (x86_64-linux-gnu)]
  ignore line: [	compiled by GNU C version 12.2.0  GMP version 6.2.1  MPFR version 4.2.0  MPC version 1.3.1  isl version isl-0.25-GMP]
  ignore line: []
  ignore line: [GGC heuristics: --param ggc-min-expand=100 --param ggc-min-heapsize=131072]
  ignore line: [ignoring duplicate directory "/home/agent/.local/usr/include/c++/12"]
  ignore line: [ignoring duplicate directory "/home/agent/.local/usr/include/x86_64-linux-gnu/c++/12"]
  ignore line: [ignoring nonexistent directory "/home/agent/.local/usr/lib/gcc/x86_64-linux-gnu/12/../../../../include/x86_64-linux-gnu/c++/12/x86_64-linux-gnu"]
  ignore line: [ignoring duplicate directory "/home/agent/.local/usr/include/c++/12/backward"]
  ignore line: [ignoring nonexistent directory "/home/agent/.local/usr/lib/gcc/x86_64-linux-gnu/12/include-fixed"]
  ignore line: [ignoring nonexistent directory "/home/agent/.local/usr/lib/gcc/x86_64-linux-gnu/12/../../../../x86_64-linux-gnu/include"]
  ignore line: [ignoring duplicate directory "/home/agent/.local/usr/include/c++/12"]
  ignore line: [ignoring duplicate directory "/home/agent/.local/usr/include/x86_64-linux-gnu/c++/12"]
  ignore line: [ignoring duplicate directory "/home/agent/.local/usr/include/x86_64-linux-gnu/c++/12"]
  ignore line: [ignoring duplicate directory "/home/agent/.local/usr/include/c++/12/backward"]
  ignore line: [ignoring duplicate directory "/home/agent/.local/usr/lib/gcc/x86_64-linux-gnu/12/include"]
  ignore line: [ignoring nonexistent directory "/usr/local/include/x86_64-linux-gnu"]
  ignore line: [ignoring nonexistent directory "/home/agent/.local/usr/lib/gcc/../../lib/gcc/x86_64-linux-gnu/12/include-fixed"]
  ignore line: [ignoring nonexistent directory "/home/agent/.local/usr/lib/gcc/../../lib/gcc/x86_64-linux-gnu/12/../../../../x86_64-linux-gnu/include"]
  ignore line: [ignoring nonexistent directory "/usr/include/x86_64-linux-gnu"]
  ignore line: [#include "..." search starts here:]
  ignore line: [#include <...> search starts here:]
  ignore line: [ /home/agent/.local/usr/include/c++/12]
  ignore line: [ /home/agent/.local/usr/include/x86_64-linux-gnu/c++/12]
  ignore line: [ /home/agent/.local/usr/include/c++/12/backward]
  ignore line: [ /home/agent/.local/usr/include]
  ignore line: [ /home/agent/.local/usr/include/x86_64-linux-gnu]
  ignore line: [ /home/agent/.local/usr/lib/gcc/x86_64-linux-gnu/12/include]
  ignore line: [ /usr/local/include]
  ignore line: [ /usr/include]
  ignore line: [End of search list.]
  ignore line: [GNU C++17 (Debian 12.2.0-14+deb12u1) version 12.2.0 (x86_64-linux-gnu)]
  ignore line: [	compiled by GNU C version 12.2.0  GMP version 6.2.1  MPFR version 4.2.0  MPC version 1.3.1  isl version isl-0.25-GMP]
  ignore line: []
  ignore line: [GGC heuristics: --param ggc-min-expand=100 --param ggc-min-heapsize=131072]
  ignore line: [Compiler executable checksum: 18a4c0b3348b838f5ec9d956298050ac]
  ignore line: [COLLECT_GCC_OPTIONS='-v' '-o' 'CMakeFiles/cmTC_98eaa.dir/CMakeCXXCompilerABI.cpp.o' '-c' '-shared-libgcc' '-mtune=generic' '-march=x86-64' '-dumpdir' 'CMakeFiles/cmTC_98eaa.dir/']
  ignore line: [ as -v --64 -o CMakeFiles/cmTC_98eaa.dir/CMakeCXXCompilerABI.cpp.o /tmp/ccVKV7wP.s]
  ignore line: [GNU assembler version 2.40 (x86_64-linux-gnu) using BFD version (GNU Binutils for Debian) 2.40]
  ignore line: [COMPILER_PATH=/home/agent/.local/usr/lib/gcc/x86_64-linux-gnu/12/:/home/agent/.local/usr/lib/gcc/x86_64-linux-gnu/:/home/agent/.local/usr/lib/gcc/]
  ignore line: [LIBRARY_PATH=/home/agent/.local/usr/lib/gcc/x86_64-linux-gnu/12/:/home/agent/.local/usr/lib/gcc/x86_64-linux-gnu/:/home/agent/.local/usr/lib/gcc/:/home/agent/.local/usr/lib/x86_64-linux-gnu/:/home/agent/.local/usr/lib/../lib/:/home/agent/.local/usr/lib/gcc/x86_64-linux-gnu/12/../../../x86_64-linux-gnu/:/home/agent/.local/usr/lib/gcc/x86_64-linux-gnu/12/../../../../lib/:/lib/x86_64-linux-gnu/:/lib/../lib/:/usr/lib/x86_64-linux-gnu/:/usr/lib/../lib/:/home/agent/.local/usr/lib/x86_64-linux-gnu/:/home/agent/.local/usr/lib/:/home/agent/.local/usr/lib/gcc/x86_64-linux-gnu/12/../../../:/lib/:/usr/lib/]
  ignore line: [COLLECT_GCC_OPTIONS='-v' '-o' 'CMakeFiles/cmTC_98eaa.dir/CMakeCXXCompilerABI.cpp.o' '-c' '-shared-libgcc' '-mtune=generic' '-march=x86-64' '-dumpdir' 'CMakeFiles/cmTC_98eaa.dir/CMakeCXXCompilerABI.cpp.']
  ignore line: [Linking CXX executable cmTC_98eaa]
  ignore line: [/home/agent/.local/usr/bin/cmake -E cmake_link_script CMakeFiles/cmTC_98eaa.dir/link.txt --verbose=1]
  ignore line: [/home/agent/.local/usr/bin/g++  -v CMakeFiles/cmTC_98eaa.dir/CMakeCXXCompilerABI.cpp.o -o cmTC_98eaa ]
  ignore line: [Using built-in specs.]
  ignore line: [COLLECT_GCC=/home/agent/.local/usr/bin/g++]
  ignore line: [COLLECT_LTO_WRAPPER=/home/agent/.local/usr/lib/gcc/x86_64-linux-gnu/12/lto-wrapper]
  ignore line: [OFFLOAD_TARGET_NAMES=nvptx-none:amdgcn-amdhsa]
  ignore line: [OFFLOAD_TARGET_DEFAULT=1]
  ignore line: [Target: x86_64-linux-gnu]
  ignore line: [Configured with: ../src/configure -v --with-pkgversion='Debian 12.2.0-14+deb12u1' --with-bugurl=file:///usr/share/doc/gcc-12/README.Bugs --enable-languages=c ada c++ go d fortran objc obj-c++ m2 --prefix=/usr --with-gcc-major-version-only --program-suffix=-12 --program-prefix=x86_64-linux-gnu- --enable-shared --enable-linker-build-id --libexecdir=/usr/lib --without-included-gettext --enable-threads=posix --libdir=/usr/lib --enable-nls --enable-clocale=gnu --enable-libstdcxx-debug --enable-libstdcxx-time=yes --with-default-libstdcxx-abi=new --enable-gnu-unique-object --disable-vtable-verify --enable-plugin --enable-default-pie --with-system-zlib --enable-libphobos-checking=release --with-target-system-zlib=auto --enable-objc-gc=auto --enable-multiarch --disable-werror --enable-cet --with-arch-32=i686 --with-abi=m64 --with-multilib-list=m32 m64 mx32 --enable-multilib --with-tune=generic --enable-offload-targets=nvptx-none=/build/reproducible-path/gcc-12-12.2.0/debian/tmp-nvptx/usr amdgcn-amdhsa=/build/reproducible-path/gcc-12-12.2.0/debian/tmp-gcn/usr --enable-offload-defaulted --without-cuda-driver --enable-checking=release --build=x86_64-linux-gnu --host=x86_64-linux-gnu --target=x86_64-linux-gnu]
  ignore line: [Thread model: posix]
  ignore line: [Supported LTO compression algorithms: zlib zstd]
  ignore line: [gcc version 12.2.0 (Debian 12.2.0-14+deb12u1) ]
  ignore line: [COMPILER_PATH=/home/agent/.local/usr/lib/gcc/x86_64-linux-gnu/12/:/home/agent/.local/usr/lib/gcc/x86_64-linux-gnu/:/home/agent/.local/usr/lib/gcc/]
  ignore line: [LIBRARY_PATH=/home/agent/.local/usr/lib/gcc/x86_64-linux-gnu/12/:/home/agent/.local/usr/lib/gcc/x86_64-linux-gnu/:/home/agent/.local/usr/lib/gcc/:/home/agent/.local/usr/lib/x86_64-linux-gnu/:/home/agent/.local/usr/lib/../lib/:/home/agent/.local/usr/lib/gcc/x86_64-linux-gnu/12/../../../x86_64-linux-gnu/:/home/agent/.local/usr/lib/gcc/x86_64-linux-gnu/12/../../../../lib/:/lib/x86_64-linux-gnu/:/lib/../lib/:/usr/lib/x86_64-linux-gnu/:/usr/lib/../lib/:/home/agent/.local/usr/lib/x86_64-linux-gnu/:/home/agent/.local/usr/lib/:/home/agent/.local/usr/lib/gcc/x86_64-linux-gnu/12/../../../:/lib/:/usr/lib/]
  ignore line: [COLLECT_GCC_OPTIONS='-v' '-o' 'cmTC_98eaa' '-shared-libgcc' '-mtune=generic' '-march=x86-64' '-dumpdir' 'cmTC_98eaa.']
  link line: [ /home/agent/.local/usr/lib/gcc/x86_64-linux-gnu/12/collect2 -plugin /home/agent/.local/usr/lib/gcc/x86_64-linux-gnu/12/liblto_plugin.so -plugin-opt=/home/agent/.local/usr/lib/gcc/x86_64-linux-gnu/12/lto-wrapper -plugin-opt=-fresolution=/tmp/ccZn2eod.res -plugin-opt=-pass-through=-lgcc_s -plugin-opt=-pass-through=-lgcc -plugin-opt=-pass-through=-lc -plugin-opt=-pass-through=-lgcc_s -plugin-opt=-pass-through=-lgcc --build-id --eh-frame-hdr -m elf_x86_64 --hash-style=gnu --as-needed -dynamic-linker /lib64/ld-linux-x86-64.so.2 -pie -o cmTC_98eaa /home/agent/.local/usr/lib/x86_64-linux-gnu/Scrt1.o /home/agent/.local/usr/lib/x86_64-linux-gnu/crti.o /home/agent/.local/usr/lib/gcc/x86_64-linux-gnu/12/crtbeginS.o -L/home/agent/.local/usr/lib/gcc/x86_64-linux-gnu/12 -L/home/agent/.local/usr/lib/gcc/x86_64-linux-gnu -L/home/agent/.local/usr/lib/gcc -L/home/agent/.local/usr/lib/x86_64-linux-gnu -L/home/agent/.local/usr/lib/../lib -L/home/agent/.local/usr/lib/gcc/x86_64-linux-gnu/12/../../../x86_64-linux-gnu -L/home/agent/.local/usr/lib/gcc/x86_64-linux-gnu/12/../../../../lib -L/lib/x86_64-linux-gnu -L/lib/../lib -L/usr/lib/x86_64-linux-gnu -L/usr/lib/../lib -L/home/agent/.local/usr/lib/x86_64-linux-gnu -L/home/agent/.local/usr/lib -L/home/agent/.local/usr/lib/gcc/x86_64-linux-gnu/12/../../.. CMakeFiles/cmTC_98eaa.dir/CMakeCXXCompilerABI.cpp.o -lstdc++ -lm -lgcc_s -lgcc -lc -lgcc_s -lgcc /home/agent/.local/usr/lib/gcc/x86_64-linux-gnu/12/crtendS.o /home/agent/.local/usr/lib/x86_64-linux-gnu/crtn.o]
    arg [/home/agent/.local/usr/lib/gcc/x86_64-linux-gnu/12/collect2] ==> ignore
    arg [-plugin] ==> ignore
    arg [/home/agent/.local/usr/lib/gcc/x86_64-linux-gnu/12/liblto_plugin.so] ==> ignore
    arg [-plugin-opt=/home/agent/.local/usr/lib/gcc/x86_64-linux-gnu/12/lto-wrapper] ==> ignore
    arg [-plugin-opt=-fresolution=/tmp/ccZn2eod.res] ==> ignore
    arg [-plugin-opt=-pass-through=-lgcc_s] ==> ignore
    arg [-plugin-opt=-pass-through=-lgcc] ==> ignore
    arg [-plugin-opt=-pass-through=-lc] ==> ignore
    arg [-plugin-opt=-pass-through=-lgcc_s] ==> ignore
    arg [-plugin-opt=-pass-through=-lgcc] ==> ignore
    arg [--build-id] ==> ignore
    arg [--eh-frame-hdr] ==> ignore
    arg [-m] ==> ignore
    arg [elf_x86_64] ==> ignore
    arg [--hash-style=gnu] ==> ignore
    arg [--as-needed] ==> ignore
    arg [-dynamic-linker] ==> ignore
    arg [/lib64/ld-linux-x86-64.so.2] ==> ignore
    arg [-pie] ==> ignore
    arg [-o] ==> ignore
    arg [cmTC_98eaa] ==> ignore
    arg [/home/agent/.local/usr/lib/x86_64-linux-gnu/Scrt1.o] ==> obj [/home/agent/.local/usr/lib/x86_64-linux-gnu/Scrt1.o]
    arg [/home/agent/.local/usr/lib/x86_64-linux-gnu/crti.o] ==> obj [/home/agent/.local/usr/lib/x86_64-linux-gnu/crti.o]
    arg [/home/agent/.local/usr/lib/gcc/x86_64-linux-gnu/12/crtbeginS.o] ==> obj [/home/agent/.local/usr/lib/gcc/x86_64-linux-gnu/12/crtbeginS.o]
    arg [-L/home/agent/.local/usr/lib/gcc/x86_64-linux-gnu/12] ==> dir [/home/agent/.local/usr/lib/gcc/x86_64-linux-gnu/12]
    arg [-L/home/agent/.local/usr/lib/gcc/x86_64-linux-gnu] ==> dir [/home/agent/.local/usr/lib/gcc/x86_64-linux-gnu]
    arg [-L/home/agent/.local/usr/lib/gcc] ==> dir [/home/agent/.local/usr/lib/gcc]
    arg [-L/home/agent/.local/usr/lib/x86_64-linux-gnu] ==> dir [/home/agent/.local/usr/lib/x86_64-linux-gnu]
    arg [-L/home/agent/.local/usr/lib/../lib] ==> dir [/home/agent/.local/usr/lib/../lib]
    arg [-L/home/agent/.local/usr/lib/gcc/x86_64-linux-gnu/12/../../../x86_64-linux-gnu] ==> dir [/home/agent/.local/usr/lib/gcc/x86_64-linux-gnu/12/../../../x86_64-linux-gnu]
    arg [-L/home/agent/.local/usr/lib/gcc/x86_64-linux-gnu/12/../../../../lib] ==> dir [/home/agent/.local/usr/lib/gcc/x86_64-linux-gnu/12/../../../../lib]
    arg [-L/lib/x86_64-linux-gnu] ==> dir [/lib/x86_64-linux-gnu]
    arg [-L/lib/../lib] ==> dir [/lib/../lib]
    arg [-L/usr/lib/x86_64-linux-gnu] ==> dir [/usr/lib/x86_64-linux-gnu]
    arg [-L/usr/lib/../lib] ==> dir [/usr/lib/../lib]
    arg [-L/home/agent/.local/usr/lib/x86_64-linux-gnu] ==> dir [/home/agent/.local/usr/lib/x86_64-linux-gnu]
    arg [-L/home/agent/.local/usr/lib] ==> dir [/home/agent/.local/usr/lib]
    arg [-L/home/agent/.local/usr/lib/gcc/x86_64-linux-gnu/12/../../..] ==> dir [/home/agent/.local/usr/lib/gcc/x86_64-linux-gnu/12/../../..]
    arg [CMakeFiles/cmTC_98eaa.dir/CMakeCXXCompilerABI.cpp.o] ==> ignore
    arg [-lstdc++] ==> lib [stdc++]
    arg [-lm] ==> lib [m]
    arg [-lgcc_s] ==> lib [gcc_s]
    arg [-lgcc] ==> lib [gcc]
    arg [-lc] ==> lib [c]
    arg [-lgcc_s] ==> lib [gcc_s]
    arg [-lgcc] ==> lib [gcc]
    arg [/home/agent/.local/usr/lib/gcc/x86_64-linux-gnu/12/crtendS.o] ==> obj [/home/agent/.local/usr/lib/gcc/x86_64-linux-gnu/12/crtendS.o]
    arg [/home/agent/.local/usr/lib/x86_64-linux-gnu/crtn.o] ==> obj [/home/agent/.local/usr/lib/x86_64-linux-gnu/crtn.o]
  collapse library dir [/home/agent/.local/usr/lib/gcc/x86_64-linux-gnu/12] ==> [/home/agent/.local/usr/lib/gcc/x86_64-linux-gnu/12]
  collapse library dir [/home/agent/.local/usr/lib/gcc/x86_64-linux-gnu] ==> [/home/agent/.local/usr/lib/gcc/x86_64-linux-gnu]
  collapse library dir [/home/agent/.local/usr/lib/gcc] ==> [/home/agent/.local/usr/lib/gcc]
  collapse library dir [/home/agent/.local/usr/lib/x86_64-linux-gnu] ==> [/home/agent/.local/usr/lib/x86_64-linux-gnu]
  collapse library dir [/home/agent/.local/usr/lib/../lib] ==> [/home/agent/.local/usr/lib]
  collapse library dir [/home/agent/.local/usr/lib/gcc/x86_64-linux-gnu/12/../../../x86_64-linux-gnu] ==> [/home/agent/.local/usr/lib/x86_64-linux-gnu]
  collapse library dir [/home/agent/.local/usr/lib/gcc/x86_64-linux-gnu/12/../../../../lib] ==> [/home/agent/.local/usr/lib]
  collapse library dir [/lib/x86_64-linux-gnu] ==> [/lib/x86_64-linux-gnu]
  collapse library dir [/lib/../lib] ==> [/lib]
  collapse library dir [/usr/lib/x86_64-linux-gnu] ==> [/usr/lib/x86_64-linux-gnu]
  collapse library dir [/usr/lib/../lib] ==> [/usr/lib]
  collapse library dir [/home/agent/.local/usr/lib/x86_64-linux-gnu] ==> [/home/agent/.local/usr/lib/x86_64-linux-gnu]
  collapse library dir [/home/agent/.local/usr/lib] ==> [/home/agent/.local/usr/lib]
  collapse library dir [/home/agent/.local/usr/lib/gcc/x86_64-linux-gnu/12/../../..] ==> [/home/agent/.local/usr/lib]
  implicit libs: [stdc++;m;gcc_s;gcc;c;gcc_s;gcc]
  implicit objs: [/home/agent/.local/usr/lib/x86_64-linux-gnu/Scrt1.o;/home/agent/.local/usr/lib/x86_64-linux-gnu/crti.o;/home/agent/.local/usr/lib/gcc/x86_64-linux-gnu/12/crtbeginS.o;/home/agent/.local/usr/lib/gcc/x86_64-linux-gnu/12/crtendS.o;/home/agent/.local/usr/lib/x86_64-linux-gnu/crtn.o]
  implicit dirs: [/home/agent/.local/usr/lib/gcc/x86_64-linux-gnu/12;/home/agent/.local/usr/lib/gcc/x86_64-linux-gnu;/home/agent/.local/usr/lib/gcc;/home/agent/.local/usr/lib/x86_64-linux-gnu;/home/agent/.local/usr/lib;/lib/x86_64-linux-gnu;/lib;/usr/lib/x86_64-linux-gnu;/usr/lib]
  implicit fwks: []


Determining if the __x86_64__ exist passed with the following output:
Change Dir: /session/w683b/cm/CMakeFiles/CMakeScratch/TryCompile-b0Dhqy

Run Build Command(s):/home/agent/.local/usr/bin/gmake -f Makefile cmTC_692ef/fast && /home/agent/.local/usr/bin/gmake  -f CMakeFiles/cmTC_692ef.dir/build.make CMakeFiles/cmTC_692ef.dir/build
gmake[1]: Entering directory '/session/w683b/cm/CMakeFiles/CMakeScratch/TryCompile-b0Dhqy'
Building C object CMakeFiles/cmTC_692ef.dir/CheckSymbolExists.c.o
/home/agent/.local/usr/bin/gcc    -o CMakeFiles/cmTC_692ef.dir/CheckSymbolExists.c.o -c /session/w683b/cm/CMakeFiles/CMakeScratch/TryCompile-b0Dhqy/CheckSymbolExists.c
Linking C executable cmTC_692ef
/home/agent/.local/usr/bin/cmake -E cmake_link_script CMakeFiles/cmTC_692ef.dir/link.txt --verbose=1
/home/agent/.local/usr/bin/gcc CMakeFiles/cmTC_692ef.dir/CheckSymbolExists.c.o -o cmTC_692ef 
gmake[1]: Leaving directory '/session/w683b/cm/CMakeFiles/CMakeScratch/TryCompile-b0Dhqy'


File CheckSymbolExists.c:
/* */

int main(int argc, char** argv)
{
  (void)argv;
#ifndef __x86_64__
  return ((int*)(&__x86_64__))[argc];
#else
  (void)argc;
  return 0;
#endif
}
Determining if files stdint.h exist passed with the following output:
Change Dir: /session/w683b/cm/CMakeFiles/CMakeScratch/TryCompile-ymbsUv

Run Build Command(s):/home/agent/.local/usr/bin/gmake -f Makefile cmTC_28c67/fast && /home/agent/.local/usr/bin/gmake  -f CMakeFiles/cmTC_28c67.dir/build.make CMakeFiles/cmTC_28c67.dir/build
gmake[1]: Entering directory '/session/w683b/cm/CMakeFiles/CMakeScratch/TryCompile-ymbsUv'
Building C object CMakeFiles/cmTC_28c67.dir/HAVE_STDINT_H.c.o
/home/agent/.local/usr/bin/gcc    -o CMakeFiles/cmTC_28c67.dir/HAVE_STDINT_H.c.o -c /session/w683b/cm/CMakeFiles/CMakeScratch/TryCompile-ymbsUv/HAVE_STDINT_H.c
Linking C executable cmTC_28c67
/home/agent/.local/usr/bin/cmake -E cmake_link_script CMakeFiles/cmTC_28c67.dir/link.txt --verbose=1
/home/agent/.local/usr/bin/gcc CMakeFiles/cmTC_28c67.dir/HAVE_STDINT_H.c.o -o cmTC_28c67 
gmake[1]: Leaving directory '/session/w683b/cm/CMakeFiles/CMakeScratch/TryCompile-ymbsUv'



Determining if files stdbool.h exist passed with the following output:
Change Dir: /session/w683b/cm/CMakeFiles/CMakeScratch/TryCompile-dRSno7

Run Build Command(s):/home/agent/.local/usr/bin/gmake -f Makefile cmTC_8446f/fast && /home/agent/.local/usr/bin/gmake  -f CMakeFiles/cmTC_8446f.dir/build.make CMakeFiles/cmTC_8446f.dir/build
gmake[1]: Entering directory '/session/w683b/cm/CMakeFiles/CMakeScratch/TryCompile-dRSno7'
Building C object CMakeFiles/cmTC_8446f.dir/HAVE_STDBOOL_H.c.o
/home/agent/.local/usr/bin/gcc    -o CMakeFiles/cmTC_8446f.dir/HAVE_STDBOOL_H.c.o -c /session/w683b/cm/CMakeFiles/CMakeScratch/TryCompile-dRSno7/HAVE_STDBOOL_H.c
Linking C executable cmTC_8446f
/home/agent/.local/usr/bin/cmake -E cmake_link_script CMakeFiles/cmTC_8446f.dir/link.txt --verbose=1
/home/agent/.local/usr/bin/gcc CMakeFiles/cmTC_8446f.dir/HAVE_STDBOOL_H.c.o -o cmTC_8446f 
gmake[1]: Leaving directory '/session/w683b/cm/CMakeFiles/CMakeScratch/TryCompile-dRSno7'



Performing C++ SOURCE FILE Test CXX_FLAG_CXX11 succeeded with the following output:
Change Dir: /session/w683b/cm/CMakeFiles/CMakeScratch/TryCompile-laaNGI

Run Build Command(s):/home/agent/.local/usr/bin/gmake -f Makefile cmTC_5903c/fast && /home/agent/.local/usr/bin/gmake  -f CMakeFiles/cmTC_5903c.dir/build.make CMakeFiles/cmTC_5903c.dir/build
gmake[1]: Entering directory '/session/w683b/cm/CMakeFiles/CMakeScratch/TryCompile-laaNGI'
Building CXX object CMakeFiles/cmTC_5903c.dir/src.cxx.o
/home/agent/.local/usr/bin/g++ -DCXX_FLAG_CXX11  -Werror -Wall -Wno-unused-function -Wno-missing-braces -g -fPIC -Werror  -fPIE   -std=c++11 -o CMakeFiles/cmTC_5903c.dir/src.cxx.o -c /session/w683b/cm/CMakeFiles/CMakeScratch/TryCompile-laaNGI/src.cxx
Linking CXX executable cmTC_5903c
/home/agent/.local/usr/bin/cmake -E cmake_link_script CMakeFiles/cmTC_5903c.dir/link.txt --verbose=1
/home/agent/.local/usr/bin/g++  -Werror -Wall -Wno-unused-function -Wno-missing-braces -g -fPIC -Werror  CMakeFiles/cmTC_5903c.dir/src.cxx.o -o cmTC_5903c 
gmake[1]: Leaving directory '/session/w683b/cm/CMakeFiles/CMakeScratch/TryCompile-laaNGI'


Source file was:
int main() { return 0; }

Performing C SOURCE FILE Test CMAKE_HAVE_LIBC_PTHREAD succeeded with the following output:
Change Dir: /session/w683b/cm/CMakeFiles/CMakeScratch/TryCompile-mZMyLa

Run Build Command(s):/home/agent/.local/usr/bin/gmake -f Makefile cmTC_334ff/fast && /home/agent/.local/usr/bin/gmake  -f CMakeFiles/cmTC_334ff.dir/build.make CMakeFiles/cmTC_334ff.dir/build
gmake[1]: Entering directory '/session/w683b/cm/CMakeFiles/CMakeScratch/TryCompile-mZMyLa'
Building C object CMakeFiles/cmTC_334ff.dir/src.c.o
/home/agent/.local/usr/bin/gcc -DCMAKE_HAVE_LIBC_PTHREAD  -D_POSIX_C_SOURCE=200112L -D_XOPEN_SOURCE=500  -Werror -Wall -Wno-unused-function -Wno-missing-braces -g -fPIC -Werror -Werror  -fPIE -std=gnu17 -o CMakeFiles/cmTC_334ff.dir/src.c.o -c /session/w683b/cm/CMakeFiles/CMakeScratch/TryCompile-mZMyLa/src.c
Linking C executable cmTC_334ff
/home/agent/.local/usr/bin/cmake -E cmake_link_script CMakeFiles/cmTC_334ff.dir/link.txt --verbose=1
/home/agent/.local/usr/bin/gcc -D_POSIX_C_SOURCE=200112L -D_XOPEN_SOURCE=500  -Werror -Wall -Wno-unused-function -Wno-missing-braces -g -fPIC -Werror -Werror  CMakeFiles/cmTC_334ff.dir/src.c.o -o cmTC_334ff 
gmake[1]: Leaving directory '/session/w683b/cm/CMakeFiles/CMakeScratch/TryCompile-mZMyLa'


Source file was:
#include <pthread.h>

static void* test_func(void* data)
{
  return data;
}

int main(void)
{
  pthread_t thread;
  pthread_create(&thread, NULL, test_func, NULL);
  pthread_detach(thread);
  pthread_cancel(thread);
  pthread_join(thread, NULL);
  pthread_atfork(NULL, NULL, NULL);
  pthread_exit(NULL);

  return 0;
}


